// Jest Snapshot v1, https://goo.gl/fbAQLP

exports[`AddComparisonForm should match the snapshot 1`] = `
ShallowWrapper {
  "length": 1,
  Symbol(enzyme.__root__): [Circular],
  Symbol(enzyme.__unrendered__): <AddComparisonForm
    dataBase="WWDI"
    dataSet="SM_POP_REFG"
    fetchDevelopmentIndicators={[Function]}
    fetchGovernanceIndicators={[Function]}
    history={Array []}
    location={
        Array [
            Object {
              "alpha_2": "BF",
              "alpha_3": "BFA",
              "country_code": "854",
              "intermediate_region": "Western Africa",
              "intermediate_region_code": "011",
              "iso_3166_2": "ISO 3166-2: BF",
              "name": "Burkina Faso",
              "region": "Africa",
              "region_code": "002",
              "sub_region": "Sub-Saharan Africa",
              "sub_region_code": "202",
            },
          ]
    }
    selectLocation={[Function]}
/>,
  Symbol(enzyme.__renderer__): Object {
    "batchedUpdates": [Function],
    "getNode": [Function],
    "render": [Function],
    "simulateEvent": [Function],
    "unmount": [Function],
  },
  Symbol(enzyme.__node__): Object {
    "instance": null,
    "key": undefined,
    "nodeType": "host",
    "props": Object {
      "children": Array [
        <Link
          className="back-button"
          replace={false}
          to="/stats"
>
          ◀ 
          <span>
                    back
          </span>
</Link>,
        <form
          className="change-form"
          onSubmit={[Function]}
>
          <input
                    list="countries"
                    onChange={[Function]}
                    placeholder="enter a country"
                    type="text"
          />
          <datalist
                    id="countries"
          >
                    <option>
                              Afghanistan
                    </option>
                    <option>
                               Åland Islands
                    </option>
                    <option>
                              Albania
                    </option>
                    <option>
                              Algeria
                    </option>
          </datalist>
          <button
                    className="change-form-button"
                    disabled={true}
          >
                    Add
          </button>
</form>,
      ],
      "className": "change-form-container",
    },
    "ref": null,
    "rendered": Array [
      Object {
        "instance": null,
        "key": undefined,
        "nodeType": "class",
        "props": Object {
          "children": Array [
            "◀ ",
            <span>
              back
</span>,
          ],
          "className": "back-button",
          "replace": false,
          "to": "/stats",
        },
        "ref": null,
        "rendered": Array [
          "◀ ",
          Object {
            "instance": null,
            "key": undefined,
            "nodeType": "host",
            "props": Object {
              "children": "back",
            },
            "ref": null,
            "rendered": "back",
            "type": "span",
          },
        ],
        "type": [Function],
      },
      Object {
        "instance": null,
        "key": undefined,
        "nodeType": "host",
        "props": Object {
          "children": Array [
            <input
              list="countries"
              onChange={[Function]}
              placeholder="enter a country"
              type="text"
/>,
            <datalist
              id="countries"
>
              <option>
                            Afghanistan
              </option>
              <option>
                             Åland Islands
              </option>
              <option>
                            Albania
              </option>
              <option>
                            Algeria
              </option>
</datalist>,
            <button
              className="change-form-button"
              disabled={true}
>
              Add
</button>,
          ],
          "className": "change-form",
          "onSubmit": [Function],
        },
        "ref": null,
        "rendered": Array [
          Object {
            "instance": null,
            "key": undefined,
            "nodeType": "host",
            "props": Object {
              "list": "countries",
              "onChange": [Function],
              "placeholder": "enter a country",
              "type": "text",
            },
            "ref": null,
            "rendered": null,
            "type": "input",
          },
          Object {
            "instance": null,
            "key": undefined,
            "nodeType": "host",
            "props": Object {
              "children": Array [
                <option>
                  Afghanistan
</option>,
                <option>
                   Åland Islands
</option>,
                <option>
                  Albania
</option>,
                <option>
                  Algeria
</option>,
              ],
              "id": "countries",
            },
            "ref": null,
            "rendered": Array [
              Object {
                "instance": null,
                "key": "0",
                "nodeType": "host",
                "props": Object {
                  "children": "Afghanistan",
                },
                "ref": null,
                "rendered": "Afghanistan",
                "type": "option",
              },
              Object {
                "instance": null,
                "key": "1",
                "nodeType": "host",
                "props": Object {
                  "children": " Åland Islands",
                },
                "ref": null,
                "rendered": " Åland Islands",
                "type": "option",
              },
              Object {
                "instance": null,
                "key": "2",
                "nodeType": "host",
                "props": Object {
                  "children": "Albania",
                },
                "ref": null,
                "rendered": "Albania",
                "type": "option",
              },
              Object {
                "instance": null,
                "key": "3",
                "nodeType": "host",
                "props": Object {
                  "children": "Algeria",
                },
                "ref": null,
                "rendered": "Algeria",
                "type": "option",
              },
            ],
            "type": "datalist",
          },
          Object {
            "instance": null,
            "key": undefined,
            "nodeType": "host",
            "props": Object {
              "children": "Add",
              "className": "change-form-button",
              "disabled": true,
            },
            "ref": null,
            "rendered": "Add",
            "type": "button",
          },
        ],
        "type": "form",
      },
    ],
    "type": "div",
  },
  Symbol(enzyme.__nodes__): Array [
    Object {
      "instance": null,
      "key": undefined,
      "nodeType": "host",
      "props": Object {
        "children": Array [
          <Link
            className="back-button"
            replace={false}
            to="/stats"
>
            ◀ 
            <span>
                        back
            </span>
</Link>,
          <form
            className="change-form"
            onSubmit={[Function]}
>
            <input
                        list="countries"
                        onChange={[Function]}
                        placeholder="enter a country"
                        type="text"
            />
            <datalist
                        id="countries"
            >
                        <option>
                                    Afghanistan
                        </option>
                        <option>
                                     Åland Islands
                        </option>
                        <option>
                                    Albania
                        </option>
                        <option>
                                    Algeria
                        </option>
            </datalist>
            <button
                        className="change-form-button"
                        disabled={true}
            >
                        Add
            </button>
</form>,
        ],
        "className": "change-form-container",
      },
      "ref": null,
      "rendered": Array [
        Object {
          "instance": null,
          "key": undefined,
          "nodeType": "class",
          "props": Object {
            "children": Array [
              "◀ ",
              <span>
                back
</span>,
            ],
            "className": "back-button",
            "replace": false,
            "to": "/stats",
          },
          "ref": null,
          "rendered": Array [
            "◀ ",
            Object {
              "instance": null,
              "key": undefined,
              "nodeType": "host",
              "props": Object {
                "children": "back",
              },
              "ref": null,
              "rendered": "back",
              "type": "span",
            },
          ],
          "type": [Function],
        },
        Object {
          "instance": null,
          "key": undefined,
          "nodeType": "host",
          "props": Object {
            "children": Array [
              <input
                list="countries"
                onChange={[Function]}
                placeholder="enter a country"
                type="text"
/>,
              <datalist
                id="countries"
>
                <option>
                                Afghanistan
                </option>
                <option>
                                 Åland Islands
                </option>
                <option>
                                Albania
                </option>
                <option>
                                Algeria
                </option>
</datalist>,
              <button
                className="change-form-button"
                disabled={true}
>
                Add
</button>,
            ],
            "className": "change-form",
            "onSubmit": [Function],
          },
          "ref": null,
          "rendered": Array [
            Object {
              "instance": null,
              "key": undefined,
              "nodeType": "host",
              "props": Object {
                "list": "countries",
                "onChange": [Function],
                "placeholder": "enter a country",
                "type": "text",
              },
              "ref": null,
              "rendered": null,
              "type": "input",
            },
            Object {
              "instance": null,
              "key": undefined,
              "nodeType": "host",
              "props": Object {
                "children": Array [
                  <option>
                    Afghanistan
</option>,
                  <option>
                     Åland Islands
</option>,
                  <option>
                    Albania
</option>,
                  <option>
                    Algeria
</option>,
                ],
                "id": "countries",
              },
              "ref": null,
              "rendered": Array [
                Object {
                  "instance": null,
                  "key": "0",
                  "nodeType": "host",
                  "props": Object {
                    "children": "Afghanistan",
                  },
                  "ref": null,
                  "rendered": "Afghanistan",
                  "type": "option",
                },
                Object {
                  "instance": null,
                  "key": "1",
                  "nodeType": "host",
                  "props": Object {
                    "children": " Åland Islands",
                  },
                  "ref": null,
                  "rendered": " Åland Islands",
                  "type": "option",
                },
                Object {
                  "instance": null,
                  "key": "2",
                  "nodeType": "host",
                  "props": Object {
                    "children": "Albania",
                  },
                  "ref": null,
                  "rendered": "Albania",
                  "type": "option",
                },
                Object {
                  "instance": null,
                  "key": "3",
                  "nodeType": "host",
                  "props": Object {
                    "children": "Algeria",
                  },
                  "ref": null,
                  "rendered": "Algeria",
                  "type": "option",
                },
              ],
              "type": "datalist",
            },
            Object {
              "instance": null,
              "key": undefined,
              "nodeType": "host",
              "props": Object {
                "children": "Add",
                "className": "change-form-button",
                "disabled": true,
              },
              "ref": null,
              "rendered": "Add",
              "type": "button",
            },
          ],
          "type": "form",
        },
      ],
      "type": "div",
    },
  ],
  Symbol(enzyme.__options__): Object {
    "adapter": ReactSixteenAdapter {
      "options": Object {
        "enableComponentDidUpdateOnSetState": true,
      },
    },
  },
}
`;
