// Jest Snapshot v1, https://goo.gl/fbAQLP

exports[`ExplanationText should match the snapshot 1`] = `
ShallowWrapper {
  "length": 1,
  Symbol(enzyme.__root__): [Circular],
  Symbol(enzyme.__unrendered__): <Unknown />,
  Symbol(enzyme.__renderer__): Object {
    "batchedUpdates": [Function],
    "getNode": [Function],
    "render": [Function],
    "simulateEvent": [Function],
    "unmount": [Function],
  },
  Symbol(enzyme.__node__): Object {
    "instance": null,
    "key": undefined,
    "nodeType": "host",
    "props": Object {
      "children": Array [
        <Link
          className="explanation-button"
          replace={false}
          to="/"
>
          ▲
</Link>,
        <p
          className="explanation-paragraph"
>
          The world is an awfully big place, and it seems to be the focus of most conversations. It's the human condition to wonder about what the day to day lives of other people are like. Data gets a bad rap for being boring, but data is fascinating, and I hope that Hello World can help demystify data and help you understand the lump of space rock hurdling through the cosmos that you currently call home.
</p>,
      ],
    },
    "ref": null,
    "rendered": Array [
      Object {
        "instance": null,
        "key": undefined,
        "nodeType": "class",
        "props": Object {
          "children": "▲",
          "className": "explanation-button",
          "replace": false,
          "to": "/",
        },
        "ref": null,
        "rendered": "▲",
        "type": [Function],
      },
      Object {
        "instance": null,
        "key": undefined,
        "nodeType": "host",
        "props": Object {
          "children": "The world is an awfully big place, and it seems to be the focus of most conversations. It's the human condition to wonder about what the day to day lives of other people are like. Data gets a bad rap for being boring, but data is fascinating, and I hope that Hello World can help demystify data and help you understand the lump of space rock hurdling through the cosmos that you currently call home.",
          "className": "explanation-paragraph",
        },
        "ref": null,
        "rendered": "The world is an awfully big place, and it seems to be the focus of most conversations. It's the human condition to wonder about what the day to day lives of other people are like. Data gets a bad rap for being boring, but data is fascinating, and I hope that Hello World can help demystify data and help you understand the lump of space rock hurdling through the cosmos that you currently call home.",
        "type": "p",
      },
    ],
    "type": "div",
  },
  Symbol(enzyme.__nodes__): Array [
    Object {
      "instance": null,
      "key": undefined,
      "nodeType": "host",
      "props": Object {
        "children": Array [
          <Link
            className="explanation-button"
            replace={false}
            to="/"
>
            ▲
</Link>,
          <p
            className="explanation-paragraph"
>
            The world is an awfully big place, and it seems to be the focus of most conversations. It's the human condition to wonder about what the day to day lives of other people are like. Data gets a bad rap for being boring, but data is fascinating, and I hope that Hello World can help demystify data and help you understand the lump of space rock hurdling through the cosmos that you currently call home.
</p>,
        ],
      },
      "ref": null,
      "rendered": Array [
        Object {
          "instance": null,
          "key": undefined,
          "nodeType": "class",
          "props": Object {
            "children": "▲",
            "className": "explanation-button",
            "replace": false,
            "to": "/",
          },
          "ref": null,
          "rendered": "▲",
          "type": [Function],
        },
        Object {
          "instance": null,
          "key": undefined,
          "nodeType": "host",
          "props": Object {
            "children": "The world is an awfully big place, and it seems to be the focus of most conversations. It's the human condition to wonder about what the day to day lives of other people are like. Data gets a bad rap for being boring, but data is fascinating, and I hope that Hello World can help demystify data and help you understand the lump of space rock hurdling through the cosmos that you currently call home.",
            "className": "explanation-paragraph",
          },
          "ref": null,
          "rendered": "The world is an awfully big place, and it seems to be the focus of most conversations. It's the human condition to wonder about what the day to day lives of other people are like. Data gets a bad rap for being boring, but data is fascinating, and I hope that Hello World can help demystify data and help you understand the lump of space rock hurdling through the cosmos that you currently call home.",
          "type": "p",
        },
      ],
      "type": "div",
    },
  ],
  Symbol(enzyme.__options__): Object {
    "adapter": ReactSixteenAdapter {
      "options": Object {
        "enableComponentDidUpdateOnSetState": true,
      },
    },
  },
}
`;
